// Jest Snapshot v1, https://goo.gl/fbAQLP

exports[`game router /api/games has the correct structure 1`] = `
Array [
  Object {
    "handler": [MockFunction],
    "method": "GET",
    "options": Object {
      "auth": false,
      "log": Object {
        "collect": true,
      },
    },
    "path": "/api/games",
  },
  Object {
    "handler": [MockFunction],
    "method": "PUT",
    "options": Object {
      "auth": false,
    },
    "path": "/api/games",
  },
  Object {
    "handler": [MockFunction],
    "method": "GET",
    "options": Object {
      "auth": false,
      "log": Object {
        "collect": false,
      },
    },
    "path": "/api/games/igdbTest",
  },
]
`;
